Mono path[0] = 'Z:/home/kelian/Desktop/Games/Hollow Knight - Silksong/Hollow Knight Silksong_Data/Managed'
Mono config path = 'Z:/home/kelian/Desktop/Games/Hollow Knight - Silksong/MonoBleedingEdge/etc'
Input System module state changed to: Initialized.
[Physics::Module] Initialized fallback backend.
[Physics::Module] Id: 0xdecafbad
Initialize engine version: 6000.0.50f1-uum-100966-branch1 (359a00488d30)
[Subsystems] Discovering subsystems at path Z:/home/kelian/Desktop/Games/Hollow Knight - Silksong/Hollow Knight Silksong_Data/UnitySubsystems
GfxDevice: creating device client; kGfxThreadingModeThreaded
Direct3D:
    Version:  Direct3D 11.0 [level 11.1]
    Renderer: Intel(R) HD Graphics 620 (KBL GT2) (ID=0x5916)
    Vendor:   Intel
    VRAM:     5874 MB
    Driver:   32.0.65535.65535
Begin MonoManager ReloadAssembly
- Loaded All Assemblies, in  0.211 seconds
- Finished resetting the current domain, in  0.003 seconds
[Physics::Module] Selected backend.
[Physics::Module] Name: PhysX
[Physics::Module] Id: 0xf2b8ea05
[Physics::Module] SDK Version: 4.1.2
[Physics::Module] Integration Version: 1.0.0
[Physics::Module] Threading Mode: Multi-Threaded
<RI> Initializing input.
<RI> Input initialized.
<RI> Initialized touch support.
[Message:   BepInEx] BepInEx 5.4.23.5 - Hollow Knight Silksong (04/09/2025 15:05:44)
[Info   :   BepInEx] Running under Unity v6000.0.50.3512832
[Info   :   BepInEx] CLR runtime version: 4.0.30319.42000
[Info   :   BepInEx] Supports SRE: True
[Info   :   BepInEx] System platform: Bits64, Windows
[Message:   BepInEx] Preloader started
[Info   :   BepInEx] Loaded 1 patcher method from [BepInEx.Preloader 5.4.23.5]
[Info   :   BepInEx] 1 patcher plugin loaded
[Info   :   BepInEx] Patching [UnityEngine.CoreModule] with [BepInEx.Chainloader]
[Message:   BepInEx] Preloader finished
[Message:   BepInEx] Chainloader ready
[Message:   BepInEx] Chainloader started
[Info   :   BepInEx] 0 plugins to load
[Message:   BepInEx] Chainloader startup complete
UnloadTime: 0.753100 ms
Steam initializing
Setting breakpad minidump AppID = 1030300
SteamInternal_SetMinidumpSteamID:  Caching Steam ID:  76561199148105584 [API loaded no]
Steam failed to initialize
Selected online subsystem SteamOnlineSubsystem
Unloading 5 Unused Serialized files (Serialized files now loaded: 527)
UnloadTime: 1.664100 ms
Discovered supported languages: DE, EN, ES, FR, IT, JA, KO, PT, RU, ZH
Loaded saved language code 'FR'
Restored language code 'FR'
Couldn't find a Game Manager, make sure one exists in the scene.
Couldn't find GameCameras, make sure one exists in the scene.
Unloading 51 unused Assets to reduce memory usage. Loaded Objects now: 6114.
Total: 11.298000 ms (FindLiveObjects: 0.609200 ms CreateObjectMapping: 1.242700 ms MarkObjects: 9.337400 ms  DeleteObjects: 0.106400 ms)

Unloading 2 Unused Serialized files (Serialized files now loaded: 527)
Unloading 1 unused Assets to reduce memory usage. Loaded Objects now: 13332.
Total: 14.506200 ms (FindLiveObjects: 0.608300 ms CreateObjectMapping: 1.125600 ms MarkObjects: 12.724600 ms  DeleteObjects: 0.046600 ms)

Unloading 1 Unused Serialized files (Serialized files now loaded: 579)
Couldn't find GameCameras, make sure one exists in the scene.
Couldn't find a Game Manager, make sure one exists in the scene.
UnloadTime: 29.173200 ms
Loaded saved language code 'FR'
Restored language code 'FR'
Unloading 73 unused Assets to reduce memory usage. Loaded Objects now: 66306.
Total: 81.168100 ms (FindLiveObjects: 6.562300 ms CreateObjectMapping: 13.629900 ms MarkObjects: 60.667200 ms  DeleteObjects: 0.307500 ms)

[Physics::Module] Cleanup current backned.
[Physics::Module] Id: 0xf2b8ea05
Input System module state changed to: ShutdownInProgress.
Input System polling thread exited.
Input System module state changed to: Shutdown.
