Mono path[0] = 'Z:/home/kelian/Desktop/Games/Hollow Knight - Silksong/Hollow Knight Silksong_Data/Managed'
Mono config path = 'Z:/home/kelian/Desktop/Games/Hollow Knight - Silksong/MonoBleedingEdge/etc'
Input System module state changed to: Initialized.
[Physics::Module] Initialized fallback backend.
[Physics::Module] Id: 0xdecafbad
Initialize engine version: 6000.0.50f1-uum-100966-branch1 (359a00488d30)
[Subsystems] Discovering subsystems at path Z:/home/kelian/Desktop/Games/Hollow Knight - Silksong/Hollow Knight Silksong_Data/UnitySubsystems
GfxDevice: creating device client; kGfxThreadingModeThreaded
Direct3D:
    Version:  Direct3D 11.0 [level 11.1]
    Renderer: Intel(R) HD Graphics 620 (KBL GT2) (ID=0x5916)
    Vendor:   Intel
    VRAM:     5874 MB
    Driver:   32.0.65535.65535
Begin MonoManager ReloadAssembly
- Loaded All Assemblies, in  0.382 seconds
- Finished resetting the current domain, in  0.006 seconds
[Physics::Module] Selected backend.
[Physics::Module] Name: PhysX
[Physics::Module] Id: 0xf2b8ea05
[Physics::Module] SDK Version: 4.1.2
[Physics::Module] Integration Version: 1.0.0
[Physics::Module] Threading Mode: Multi-Threaded
<RI> Initializing input.
<RI> Input initialized.
<RI> Initialized touch support.
UnloadTime: 1.005900 ms
Steam initializing
Setting breakpad minidump AppID = 1030300
SteamInternal_SetMinidumpSteamID:  Caching Steam ID:  76561199148105584 [API loaded no]
Steam failed to initialize
Selected online subsystem SteamOnlineSubsystem
Unloading 5 Unused Serialized files (Serialized files now loaded: 527)
UnloadTime: 1.798900 ms
Discovered supported languages: DE, EN, ES, FR, IT, JA, KO, PT, RU, ZH
Loaded saved language code 'FR'
Restored language code 'FR'
Couldn't find a Game Manager, make sure one exists in the scene.
Couldn't find GameCameras, make sure one exists in the scene.
Unloading 51 unused Assets to reduce memory usage. Loaded Objects now: 6108.
Total: 9.186900 ms (FindLiveObjects: 0.487000 ms CreateObjectMapping: 1.021300 ms MarkObjects: 7.600000 ms  DeleteObjects: 0.077600 ms)

Unloading 2 Unused Serialized files (Serialized files now loaded: 527)
Unloading 1 unused Assets to reduce memory usage. Loaded Objects now: 13326.
Total: 11.219200 ms (FindLiveObjects: 0.774300 ms CreateObjectMapping: 1.028600 ms MarkObjects: 9.372300 ms  DeleteObjects: 0.043200 ms)

Unloading 1 Unused Serialized files (Serialized files now loaded: 579)
Couldn't find GameCameras, make sure one exists in the scene.
Couldn't find a Game Manager, make sure one exists in the scene.
UnloadTime: 30.006500 ms
Loaded saved language code 'FR'
Restored language code 'FR'
Unloading 73 unused Assets to reduce memory usage. Loaded Objects now: 66300.
Total: 100.802100 ms (FindLiveObjects: 11.172000 ms CreateObjectMapping: 10.309700 ms MarkObjects: 78.992600 ms  DeleteObjects: 0.326900 ms)

MenuButton missing flashEffect!
Making UI menu lean.
Only custom filters can be played. Please add a custom filter or an audioclip to the audiosource (Audio Player Actor Distant V2(Clone)).
Only custom filters can be played. Please add a custom filter or an audioclip to the audiosource (Audio Player Actor Distant V2(Clone)).
Only custom filters can be played. Please add a custom filter or an audioclip to the audiosource (Audio Player Actor Distant V2(Clone)).
Unloading 3 Unused Serialized files (Serialized files now loaded: 562)
Unloading 235 unused Assets to reduce memory usage. Loaded Objects now: 107714.
Total: 122.874500 ms (FindLiveObjects: 7.765800 ms CreateObjectMapping: 9.020600 ms MarkObjects: 104.507400 ms  DeleteObjects: 1.579800 ms)

Converting Vertex Colors from Color32 to Color.
Converting Vertex Colors from Color32 to Color.
Converting Vertex Colors from Color32 to Color.
